[INFO] Scanning for projects...
[INFO] 
[INFO] ----------------------< com.example:New-Project >-----------------------
[INFO] Building New-Project 0.0.1-SNAPSHOT
[INFO]   from pom.xml
[INFO] --------------------------------[ jar ]---------------------------------
[INFO] 
[INFO] --- resources:3.3.1:resources (default-resources) @ New-Project ---
[INFO] Copying 1 resource from src\main\resources to target\classes
[INFO] Copying 0 resource from src\main\resources to target\classes
[INFO] 
[INFO] --- compiler:3.14.1:compile (default-compile) @ New-Project ---
[INFO] Recompiling the module because of changed source code.
[INFO] Compiling 62 source files with javac [debug parameters release 21] to target\classes
[INFO] -------------------------------------------------------------
[ERROR] COMPILATION ERROR : 
[INFO] -------------------------------------------------------------
[ERROR] /C:/Users/AlienX/OneDrive/Desktop/INTERNSHIP/New-Project/New-Project/src/main/java/com/example/New_Project/Controller/BookingController.java:[6,26] package jakarta.validation does not exist
[ERROR] /C:/Users/AlienX/OneDrive/Desktop/INTERNSHIP/New-Project/New-Project/src/main/java/com/example/New_Project/DTO/BookingRequestDTO.java:[3,38] package jakarta.validation.constraints does not exist
[ERROR] /C:/Users/AlienX/OneDrive/Desktop/INTERNSHIP/New-Project/New-Project/src/main/java/com/example/New_Project/DTO/BookingRequestDTO.java:[4,38] package jakarta.validation.constraints does not exist
[ERROR] /C:/Users/AlienX/OneDrive/Desktop/INTERNSHIP/New-Project/New-Project/src/main/java/com/example/New_Project/DTO/BookingRequestDTO.java:[5,38] package jakarta.validation.constraints does not exist
[ERROR] /C:/Users/AlienX/OneDrive/Desktop/INTERNSHIP/New-Project/New-Project/src/main/java/com/example/New_Project/Controller/BookingController.java:[24,51] cannot find symbol
  symbol:   class Valid
  location: class com.example.New_Project.Controller.BookingController
[ERROR] /C:/Users/AlienX/OneDrive/Desktop/INTERNSHIP/New-Project/New-Project/src/main/java/com/example/New_Project/DTO/BookingRequestDTO.java:[13,6] cannot find symbol
  symbol:   class NotNull
  location: class com.example.New_Project.DTO.BookingRequestDTO
[ERROR] /C:/Users/AlienX/OneDrive/Desktop/INTERNSHIP/New-Project/New-Project/src/main/java/com/example/New_Project/DTO/BookingRequestDTO.java:[16,6] cannot find symbol
  symbol:   class NotNull
  location: class com.example.New_Project.DTO.BookingRequestDTO
[ERROR] /C:/Users/AlienX/OneDrive/Desktop/INTERNSHIP/New-Project/New-Project/src/main/java/com/example/New_Project/DTO/BookingRequestDTO.java:[19,6] cannot find symbol
  symbol:   class NotEmpty
  location: class com.example.New_Project.DTO.BookingRequestDTO
[ERROR] /C:/Users/AlienX/OneDrive/Desktop/INTERNSHIP/New-Project/New-Project/src/main/java/com/example/New_Project/DTO/BookingRequestDTO.java:[22,6] cannot find symbol
  symbol:   class Min
  location: class com.example.New_Project.DTO.BookingRequestDTO
[INFO] 9 errors 
[INFO] -------------------------------------------------------------
[INFO] ------------------------------------------------------------------------
[INFO] BUILD FAILURE
[INFO] ------------------------------------------------------------------------
[INFO] Total time:  10.334 s
[INFO] Finished at: 2026-03-17T17:07:13+05:30
[INFO] ------------------------------------------------------------------------
[ERROR] Failed to execute goal org.apache.maven.plugins:maven-compiler-plugin:3.14.1:compile (default-compile) on project New-Project: Compilation failure: Compilation failure: 
[ERROR] /C:/Users/AlienX/OneDrive/Desktop/INTERNSHIP/New-Project/New-Project/src/main/java/com/example/New_Project/Controller/BookingController.java:[6,26] package jakarta.validation does not exist
[ERROR] /C:/Users/AlienX/OneDrive/Desktop/INTERNSHIP/New-Project/New-Project/src/main/java/com/example/New_Project/DTO/BookingRequestDTO.java:[3,38] package jakarta.validation.constraints does not exist
[ERROR] /C:/Users/AlienX/OneDrive/Desktop/INTERNSHIP/New-Project/New-Project/src/main/java/com/example/New_Project/DTO/BookingRequestDTO.java:[4,38] package jakarta.validation.constraints does not exist
[ERROR] /C:/Users/AlienX/OneDrive/Desktop/INTERNSHIP/New-Project/New-Project/src/main/java/com/example/New_Project/DTO/BookingRequestDTO.java:[5,38] package jakarta.validation.constraints does not exist
[ERROR] /C:/Users/AlienX/OneDrive/Desktop/INTERNSHIP/New-Project/New-Project/src/main/java/com/example/New_Project/Controller/BookingController.java:[24,51] cannot find symbol
[ERROR]   symbol:   class Valid
[ERROR]   location: class com.example.New_Project.Controller.BookingController
[ERROR] /C:/Users/AlienX/OneDrive/Desktop/INTERNSHIP/New-Project/New-Project/src/main/java/com/example/New_Project/DTO/BookingRequestDTO.java:[13,6] cannot find symbol
[ERROR]   symbol:   class NotNull
[ERROR]   location: class com.example.New_Project.DTO.BookingRequestDTO
[ERROR] /C:/Users/AlienX/OneDrive/Desktop/INTERNSHIP/New-Project/New-Project/src/main/java/com/example/New_Project/DTO/BookingRequestDTO.java:[16,6] cannot find symbol
[ERROR]   symbol:   class NotNull
[ERROR]   location: class com.example.New_Project.DTO.BookingRequestDTO
[ERROR] /C:/Users/AlienX/OneDrive/Desktop/INTERNSHIP/New-Project/New-Project/src/main/java/com/example/New_Project/DTO/BookingRequestDTO.java:[19,6] cannot find symbol
[ERROR]   symbol:   class NotEmpty
[ERROR]   location: class com.example.New_Project.DTO.BookingRequestDTO
[ERROR] /C:/Users/AlienX/OneDrive/Desktop/INTERNSHIP/New-Project/New-Project/src/main/java/com/example/New_Project/DTO/BookingRequestDTO.java:[22,6] cannot find symbol
[ERROR]   symbol:   class Min
[ERROR]   location: class com.example.New_Project.DTO.BookingRequestDTO
[ERROR] -> [Help 1]
[ERROR] 
[ERROR] To see the full stack trace of the errors, re-run Maven with the -e switch.
[ERROR] Re-run Maven using the -X switch to enable full debug logging.
[ERROR] 
[ERROR] For more information about the errors and possible solutions, please read the following articles:
[ERROR] [Help 1] http://cwiki.apache.org/confluence/display/MAVEN/MojoFailureException
